../Core/Src/main.c:56:5:main	16	static
../Core/Src/main.c:85:6:SetHBridge1Pins	16	static
../Core/Src/main.c:91:6:SetHBridge2Pins	16	static
../Core/Src/main.c:97:6:StepMotor	16	static
../Core/Src/main.c:104:6:PI_Controller	16	static
../Core/Src/main.c:117:6:readEncoderData	24	static
../Core/Src/main.c:131:6:readInputs	8	static
../Core/Src/main.c:138:6:SystemClock_Config	72	static
../Core/Src/main.c:171:13:MX_I2C1_Init	8	static
../Core/Src/main.c:205:13:MX_GPIO_Init	40	static
../Core/Src/main.c:278:6:Error_Handler	4	static,ignoring_inline_asm
