../Core/Src/main.c:56:5:main	16	static
../Core/Src/main.c:92:6:SetHBridge1Pins	16	static
../Core/Src/main.c:98:6:SetHBridge2Pins	16	static
../Core/Src/main.c:104:6:StepMotor	16	static
../Core/Src/main.c:111:6:PI_Controller	16	static
../Core/Src/main.c:123:6:readEncoderData	24	static
../Core/Src/main.c:137:6:readInputs	8	static
../Core/Src/main.c:144:6:SystemClock_Config	72	static
../Core/Src/main.c:177:13:MX_I2C1_Init	8	static
../Core/Src/main.c:211:13:MX_GPIO_Init	40	static
../Core/Src/main.c:284:6:Error_Handler	4	static,ignoring_inline_asm
