Archive member included to satisfy reference by file (symbol)

C:/ST/STM32CubeIDE_1.16.0/STM32CubeIDE/plugins/com.st.stm32cube.ide.mcu.externaltools.gnu-tools-for-stm32.12.3.rel1.win32_1.0.200.202406191623/tools/bin/../lib/gcc/arm-none-eabi/12.3.1/../../../../arm-none-eabi/lib/thumb/v7-m/nofp\libc_nano.a(libc_a-exit.o)
                              C:/ST/STM32CubeIDE_1.16.0/STM32CubeIDE/plugins/com.st.stm32cube.ide.mcu.externaltools.gnu-tools-for-stm32.12.3.rel1.win32_1.0.200.202406191623/tools/bin/../lib/gcc/arm-none-eabi/12.3.1/../../../../arm-none-eabi/lib/thumb/v7-m/nofp/crt0.o (exit)
C:/ST/STM32CubeIDE_1.16.0/STM32CubeIDE/plugins/com.st.stm32cube.ide.mcu.externaltools.gnu-tools-for-stm32.12.3.rel1.win32_1.0.200.202406191623/tools/bin/../lib/gcc/arm-none-eabi/12.3.1/../../../../arm-none-eabi/lib/thumb/v7-m/nofp\libc_nano.a(libc_a-findfp.o)
                              C:/ST/STM32CubeIDE_1.16.0/STM32CubeIDE/plugins/com.st.stm32cube.ide.mcu.externaltools.gnu-tools-for-stm32.12.3.rel1.win32_1.0.200.202406191623/tools/bin/../lib/gcc/arm-none-eabi/12.3.1/../../../../arm-none-eabi/lib/thumb/v7-m/nofp\libc_nano.a(libc_a-exit.o) (__stdio_exit_handler)
C:/ST/STM32CubeIDE_1.16.0/STM32CubeIDE/plugins/com.st.stm32cube.ide.mcu.externaltools.gnu-tools-for-stm32.12.3.rel1.win32_1.0.200.202406191623/tools/bin/../lib/gcc/arm-none-eabi/12.3.1/../../../../arm-none-eabi/lib/thumb/v7-m/nofp\libc_nano.a(libc_a-fwalk.o)
                              C:/ST/STM32CubeIDE_1.16.0/STM32CubeIDE/plugins/com.st.stm32cube.ide.mcu.externaltools.gnu-tools-for-stm32.12.3.rel1.win32_1.0.200.202406191623/tools/bin/../lib/gcc/arm-none-eabi/12.3.1/../../../../arm-none-eabi/lib/thumb/v7-m/nofp\libc_nano.a(libc_a-findfp.o) (_fwalk_sglue)
C:/ST/STM32CubeIDE_1.16.0/STM32CubeIDE/plugins/com.st.stm32cube.ide.mcu.externaltools.gnu-tools-for-stm32.12.3.rel1.win32_1.0.200.202406191623/tools/bin/../lib/gcc/arm-none-eabi/12.3.1/../../../../arm-none-eabi/lib/thumb/v7-m/nofp\libc_nano.a(libc_a-stdio.o)
                              C:/ST/STM32CubeIDE_1.16.0/STM32CubeIDE/plugins/com.st.stm32cube.ide.mcu.externaltools.gnu-tools-for-stm32.12.3.rel1.win32_1.0.200.202406191623/tools/bin/../lib/gcc/arm-none-eabi/12.3.1/../../../../arm-none-eabi/lib/thumb/v7-m/nofp\libc_nano.a(libc_a-findfp.o) (__sread)
C:/ST/STM32CubeIDE_1.16.0/STM32CubeIDE/plugins/com.st.stm32cube.ide.mcu.externaltools.gnu-tools-for-stm32.12.3.rel1.win32_1.0.200.202406191623/tools/bin/../lib/gcc/arm-none-eabi/12.3.1/../../../../arm-none-eabi/lib/thumb/v7-m/nofp\libc_nano.a(libc_a-memset.o)
                              C:/ST/STM32CubeIDE_1.16.0/STM32CubeIDE/plugins/com.st.stm32cube.ide.mcu.externaltools.gnu-tools-for-stm32.12.3.rel1.win32_1.0.200.202406191623/tools/bin/../lib/gcc/arm-none-eabi/12.3.1/../../../../arm-none-eabi/lib/thumb/v7-m/nofp/crt0.o (memset)
C:/ST/STM32CubeIDE_1.16.0/STM32CubeIDE/plugins/com.st.stm32cube.ide.mcu.externaltools.gnu-tools-for-stm32.12.3.rel1.win32_1.0.200.202406191623/tools/bin/../lib/gcc/arm-none-eabi/12.3.1/../../../../arm-none-eabi/lib/thumb/v7-m/nofp\libc_nano.a(libc_a-closer.o)
                              C:/ST/STM32CubeIDE_1.16.0/STM32CubeIDE/plugins/com.st.stm32cube.ide.mcu.externaltools.gnu-tools-for-stm32.12.3.rel1.win32_1.0.200.202406191623/tools/bin/../lib/gcc/arm-none-eabi/12.3.1/../../../../arm-none-eabi/lib/thumb/v7-m/nofp\libc_nano.a(libc_a-stdio.o) (_close_r)
C:/ST/STM32CubeIDE_1.16.0/STM32CubeIDE/plugins/com.st.stm32cube.ide.mcu.externaltools.gnu-tools-for-stm32.12.3.rel1.win32_1.0.200.202406191623/tools/bin/../lib/gcc/arm-none-eabi/12.3.1/../../../../arm-none-eabi/lib/thumb/v7-m/nofp\libc_nano.a(libc_a-reent.o)
                              C:/ST/STM32CubeIDE_1.16.0/STM32CubeIDE/plugins/com.st.stm32cube.ide.mcu.externaltools.gnu-tools-for-stm32.12.3.rel1.win32_1.0.200.202406191623/tools/bin/../lib/gcc/arm-none-eabi/12.3.1/../../../../arm-none-eabi/lib/thumb/v7-m/nofp\libc_nano.a(libc_a-closer.o) (errno)
C:/ST/STM32CubeIDE_1.16.0/STM32CubeIDE/plugins/com.st.stm32cube.ide.mcu.externaltools.gnu-tools-for-stm32.12.3.rel1.win32_1.0.200.202406191623/tools/bin/../lib/gcc/arm-none-eabi/12.3.1/../../../../arm-none-eabi/lib/thumb/v7-m/nofp\libc_nano.a(libc_a-impure.o)
                              C:/ST/STM32CubeIDE_1.16.0/STM32CubeIDE/plugins/com.st.stm32cube.ide.mcu.externaltools.gnu-tools-for-stm32.12.3.rel1.win32_1.0.200.202406191623/tools/bin/../lib/gcc/arm-none-eabi/12.3.1/../../../../arm-none-eabi/lib/thumb/v7-m/nofp\libc_nano.a(libc_a-reent.o) (_impure_ptr)
C:/ST/STM32CubeIDE_1.16.0/STM32CubeIDE/plugins/com.st.stm32cube.ide.mcu.externaltools.gnu-tools-for-stm32.12.3.rel1.win32_1.0.200.202406191623/tools/bin/../lib/gcc/arm-none-eabi/12.3.1/../../../../arm-none-eabi/lib/thumb/v7-m/nofp\libc_nano.a(libc_a-lseekr.o)
[...]
Memory Configuration

Name             Origin             Length             Attributes
RAM              0x20000000         0x00005000         xrw
FLASH            0x08000000         0x00020000         xr
*default*        0x00000000         0xffffffff

Linker script and memory map

LOAD C:/ST/STM32CubeIDE_1.16.0/STM32CubeIDE/plugins/com.st.stm32cube.ide.mcu.externaltools.gnu-tools-for-stm32.12.3.rel1.win32_1.0.200.202406191623/tools/bin/../lib/gcc/arm-none-eabi/12.3.1/thumb/v7-m/nofp/crti.o
LOAD C:/ST/STM32CubeIDE_1.16.0/STM32CubeIDE/plugins/com.st.stm32cube.ide.mcu.externaltools.gnu-tools-for-stm32.12.3.rel1.win32_1.0.200.202406191623/tools/bin/../lib/gcc/arm-none-eabi/12.3.1/thumb/v7-m/nofp/crtbegin.o
LOAD C:/ST/STM32CubeIDE_1.16.0/STM32CubeIDE/plugins/com.st.stm32cube.ide.mcu.externaltools.gnu-tools-for-stm32.12.3.rel1.win32_1.0.200.202406191623/tools/bin/../lib/gcc/arm-none-eabi/12.3.1/../../../../arm-none-eabi/lib/thumb/v7-m/nofp/crt0.o
LOAD ./Core/Src/main.o
LOAD ./Core/Src/stm32f1xx_hal_msp.o
LOAD ./Core/Src/stm32f1xx_it.o
LOAD ./Core/Src/syscalls.o
LOAD ./Core/Src/sysmem.o
LOAD ./Core/Src/system_stm32f1xx.o
LOAD ./Core/Startup/startup_stm32f103cbtx.o
LOAD ./Drivers/STM32F1xx_HAL_Driver/Src/stm32f1xx_hal.o
LOAD ./Drivers/STM32F1xx_HAL_Driver/Src/stm32f1xx_hal_cortex.o
LOAD ./Drivers/STM32F1xx_HAL_Driver/Src/stm32f1xx_hal_dma.o
LOAD ./Drivers/STM32F1xx_HAL_Driver/Src/stm32f1xx_hal_exti.o
LOAD ./Drivers/STM32F1xx_HAL_Driver/Src/stm32f1xx_hal_flash.o
LOAD ./Drivers/STM32F1xx_HAL_Driver/Src/stm32f1xx_hal_flash_ex.o
LOAD ./Drivers/STM32F1xx_HAL_Driver/Src/stm32f1xx_hal_gpio.o
LOAD ./Drivers/STM32F1xx_HAL_Driver/Src/stm32f1xx_hal_gpio_ex.o
LOAD ./Drivers/STM32F1xx_HAL_Driver/Src/stm32f1xx_hal_i2c.o
LOAD ./Drivers/STM32F1xx_HAL_Driver/Src/stm32f1xx_hal_pwr.o
LOAD ./Drivers/STM32F1xx_HAL_Driver/Src/stm32f1xx_hal_rcc.o
LOAD ./Drivers/STM32F1xx_HAL_Driver/Src/stm32f1xx_hal_rcc_ex.o
LOAD ./Drivers/STM32F1xx_HAL_Driver/Src/stm32f1xx_hal_tim.o
LOAD ./Drivers/STM32F1xx_HAL_Driver/Src/stm32f1xx_hal_tim_ex.o
START GROUP
LOAD C:/ST/STM32CubeIDE_1.16.0/STM32CubeIDE/plugins/com.st.stm32cube.ide.mcu.externaltools.gnu-tools-for-stm32.12.3.rel1.win32_1.0.200.202406191623/tools/bin/../lib/gcc/arm-none-eabi/12.3.1/../../../../arm-none-eabi/lib/thumb/v7-m/nofp\libc_nano.a
LOAD C:/ST/STM32CubeIDE_1.16.0/STM32CubeIDE/plugins/com.st.stm32cube.ide.mcu.externaltools.gnu-tools-for-stm32.12.3.rel1.win32_1.0.200.202406191623/tools/bin/../lib/gcc/arm-none-eabi/12.3.1/../../../../arm-none-eabi/lib/thumb/v7-m/nofp\libm.a
END GROUP
START GROUP
LOAD C:/ST/STM32CubeIDE_1.16.0/STM32CubeIDE/plugins/com.st.stm32cube.ide.mcu.externaltools.gnu-tools-for-stm32.12.3.rel1.win32_1.0.200.202406191623/tools/bin/../lib/gcc/arm-none-eabi/12.3.1/thumb/v7-m/nofp\libgcc.a
LOAD C:/ST/STM32CubeIDE_1.16.0/STM32CubeIDE/plugins/com.st.stm32cube.ide.mcu.externaltools.gnu-tools-for-stm32.12.3.rel1.win32_1.0.200.202406191623/tools/bin/../lib/gcc/arm-none-eabi/12.3.1/../../../../arm-none-eabi/lib/thumb/v7-m/nofp\libc_nano.a
END GROUP
START GROUP
LOAD C:/ST/STM32CubeIDE_1.16.0/STM32CubeIDE/plugins/com.st.stm32cube.ide.mcu.externaltools.gnu-tools-for-stm32.12.3.rel1.win32_1.0.200.202406191623/tools/bin/../lib/gcc/arm-none-eabi/12.3.1/thumb/v7-m/nofp\libgcc.a
LOAD C:/ST/STM32CubeIDE_1.16.0/STM32CubeIDE/plugins/com.st.stm32cube.ide.mcu.externaltools.gnu-tools-for-stm32.12.3.rel1.win32_1.0.200.202406191623/tools/bin/../lib/gcc/arm-none-eabi/12.3.1/../../../../arm-none-eabi/lib/thumb/v7-m/nofp\libc_nano.a
LOAD C:/ST/STM32CubeIDE_1.16.0/STM32CubeIDE/plugins/com.st.stm32cube.ide.mcu.externaltools.gnu-tools-for-stm32.12.3.rel1.win32_1.0.200.202406191623/tools/bin/../lib/gcc/arm-none-eabi/12.3.1/../../../../arm-none-eabi/lib/thumb/v7-m/nofp\libnosys.a
END GROUP
START GROUP
LOAD C:/ST/STM32CubeIDE_1.16.0/STM32CubeIDE/plugins/com.st.stm32cube.ide.mcu.externaltools.gnu-tools-for-stm32.12.3.rel1.win32_1.0.200.202406191623/tools/bin/../lib/gcc/arm-none-eabi/12.3.1/thumb/v7-m/nofp\libgcc.a
LOAD C:/ST/STM32CubeIDE_1.16.0/STM32CubeIDE/plugins/com.st.stm32cube.ide.mcu.externaltools.gnu-tools-for-stm32.12.3.rel1.win32_1.0.200.202406191623/tools/bin/../lib/gcc/arm-none-eabi/12.3.1/../../../../arm-none-eabi/lib/thumb/v7-m/nofp\libc_nano.a
LOAD C:/ST/STM32CubeIDE_1.16.0/STM32CubeIDE/plugins/com.st.stm32cube.ide.mcu.externaltools.gnu-tools-for-stm32.12.3.rel1.win32_1.0.200.202406191623/tools/bin/../lib/gcc/arm-none-eabi/12.3.1/../../../../arm-none-eabi/lib/thumb/v7-m/nofp\libnosys.a
END GROUP
LOAD C:/ST/STM32CubeIDE_1.16.0/STM32CubeIDE/plugins/com.st.stm32cube.ide.mcu.externaltools.gnu-tools-for-stm32.12.3.rel1.win32_1.0.200.202406191623/tools/bin/../lib/gcc/arm-none-eabi/12.3.1/thumb/v7-m/nofp/crtend.o
LOAD C:/ST/STM32CubeIDE_1.16.0/STM32CubeIDE/plugins/com.st.stm32cube.ide.mcu.externaltools.gnu-tools-for-stm32.12.3.rel1.win32_1.0.200.202406191623/tools/bin/../lib/gcc/arm-none-eabi/12.3.1/thumb/v7-m/nofp/crtn.o
                0x20005000                        _estack = (ORIGIN (RAM) + LENGTH (RAM))
                0x00000200                        _Min_Heap_Size = 0x200
                0x00000400                        _Min_Stack_Size = 0x400

.isr_vector     0x08000000      0x10c
                0x08000000                        . = ALIGN (0x4)
 *(.isr_vector)
 .isr_vector    0x08000000      0x10c ./Core/Startup/startup_stm32f103cbtx.o
                0x08000000                g_pfnVectors
                0x0800010c                        . = ALIGN (0x4)

.text           0x0800010c     0x2dfc
                0x0800010c                        . = ALIGN (0x4)
 *(.text)
 .text          0x0800010c       0x40 C:/ST/STM32CubeIDE_1.16.0/STM32CubeIDE/plugins/com.st.stm32cube.ide.mcu.externaltools.gnu-tools-for-stm32.12.3.rel1.win32_1.0.200.202406191623/tools/bin/../lib/gcc/arm-none-eabi/12.3.1/thumb/v7-m/nofp/crtbegin.o
 .text          0x0800014c      0x168 C:/ST/STM32CubeIDE_1.16.0/STM32CubeIDE/plugins/com.st.stm32cube.ide.mcu.externaltools.gnu-tools-for-stm32.12.3.rel1.win32_1.0.200.202406191623/tools/bin/../lib/gcc/arm-none-eabi/12.3.1/thumb/v7-m/nofp\libgcc.a(_arm_mulsf3.o)
                0x0800014c                __aeabi_fmul
                0x0800014c                __mulsf3
 .text          0x080002b4      0x378 C:/ST/STM32CubeIDE_1.16.0/STM32CubeIDE/plugins/com.st.stm32cube.ide.mcu.externaltools.gnu-tools-for-stm32.12.3.rel1.win32_1.0.200.202406191623/tools/bin/../lib/gcc/arm-none-eabi/12.3.1/thumb/v7-m/nofp\libgcc.a(_arm_addsubdf3.o)
                0x080002b4                __aeabi_drsub
                0x080002bc                __aeabi_dsub
                0x080002bc                __subdf3
                0x080002c0                __aeabi_dadd
                0x080002c0                __adddf3
                0x08000538                __floatunsidf
                0x08000538                __aeabi_ui2d
                0x08000558                __floatsidf
                0x08000558                __aeabi_i2d
                0x0800057c                __aeabi_f2d
                0x0800057c                __extendsfdf2
                0x080005c0                __floatundidf
                0x080005c0                __aeabi_ul2d
                0x080005d0                __floatdidf
                0x080005d0                __aeabi_l2d
 .text          0x0800062c      0x424 C:/ST/STM32CubeIDE_1.16.0/STM32CubeIDE/plugins/com.st.stm32cube.ide.mcu.externaltools.gnu-tools-for-stm32.12.3.rel1.win32_1.0.200.202406191623/tools/bin/../lib/gcc/arm-none-eabi/12.3.1/thumb/v7-m/nofp\libgcc.a(_arm_muldivdf3.o)
                0x0800062c                __aeabi_dmul
                0x0800062c                __muldf3
                0x08000880                __divdf3
                0x08000880                __aeabi_ddiv
 .text          0x08000a50       0xa0 C:/ST/STM32CubeIDE_1.16.0/STM32CubeIDE/plugins/com.st.stm32cube.ide.mcu.externaltools.gnu-tools-for-stm32.12.3.rel1.win32_1.0.200.202406191623/tools/bin/../lib/gcc/arm-none-eabi/12.3.1/thumb/v7-m/nofp\libgcc.a(_arm_truncdfsf2.o)
                0x08000a50                __truncdfsf2
                0x08000a50                __aeabi_d2f
 .text          0x08000af0      0x21c C:/ST/STM32CubeIDE_1.16.0/STM32CubeIDE/plugins/com.st.stm32cube.ide.mcu.externaltools.gnu-tools-for-stm32.12.3.rel1.win32_1.0.200.202406191623/tools/bin/../lib/gcc/arm-none-eabi/12.3.1/thumb/v7-m/nofp\libgcc.a(_arm_addsubsf3.o)
                0x08000af0                __aeabi_frsub
                0x08000af8                __subsf3
                0x08000af8                __aeabi_fsub
                0x08000afc                __aeabi_fadd
                0x08000afc                __addsf3
                0x08000c5c                __aeabi_ui2f
                0x08000c5c                __floatunsisf
                0x08000c64                __aeabi_i2f
                0x08000c64                __floatsisf
                0x08000c80                __aeabi_ul2f
                0x08000c80                __floatundisf
                0x08000c90                __aeabi_l2f
                0x08000c90                __floatdisf
 .text          0x08000d0c       0xec C:/ST/STM32CubeIDE_1.16.0/STM32CubeIDE/plugins/com.st.stm32cube.ide.mcu.externaltools.gnu-tools-for-stm32.12.3.rel1.win32_1.0.200.202406191623/tools/bin/../lib/gcc/arm-none-eabi/12.3.1/thumb/v7-m/nofp\libgcc.a(_arm_cmpsf2.o)
                0x08000d0c                __gesf2
                0x08000d0c                __gtsf2
                0x08000d14                __lesf2
                0x08000d14                __ltsf2
                0x08000d1c                __nesf2
                0x08000d1c                __eqsf2
                0x08000d1c                __cmpsf2
                0x08000d7c                __aeabi_cfrcmple
                0x08000d84                __aeabi_cfcmpeq
                0x08000d84                __aeabi_cfcmple
                0x08000d94                __aeabi_fcmpeq
                0x08000da8                __aeabi_fcmplt
                0x08000dbc                __aeabi_fcmple
                0x08000dd0                __aeabi_fcmpge
                0x08000de4                __aeabi_fcmpgt
 *(.text*)
 .text.main     0x08000df8       0x9c ./Core/Src/main.o
                0x08000df8                main
 .text.SetHBridge1Pins
                0x08000e94       0x34 ./Core/Src/main.o
                0x08000e94                SetHBridge1Pins
 .text.SetHBridge2Pins
                0x08000ec8       0x34 ./Core/Src/main.o
                0x08000ec8                SetHBridge2Pins
 .text.StepMotor
                0x08000efc       0x4c ./Core/Src/main.o
                0x08000efc                StepMotor
 .text.PI_Controller
                0x08000f48       0xd8 ./Core/Src/main.o
                0x08000f48                PI_Controller
 .text.readEncoderData
                0x08001020       0x78 ./Core/Src/main.o
                0x08001020                readEncoderData
 .text.readInputs
                0x08001098       0x50 ./Core/Src/main.o
                0x08001098                readInputs
 .text.SystemClock_Config
                0x080010e8       0x76 ./Core/Src/main.o
                0x080010e8                SystemClock_Config
 *fill*         0x0800115e        0x2 
 .text.MX_I2C1_Init
                0x08001160       0x5c ./Core/Src/main.o
 .text.MX_GPIO_Init
                0x080011bc      0x168 ./Core/Src/main.o
 .text.Error_Handler
                0x08001324        0xc ./Core/Src/main.o
                0x08001324                Error_Handler
 .text.HAL_MspInit
                0x08001330       0x64 ./Core/Src/stm32f1xx_hal_msp.o
                0x08001330                HAL_MspInit
 .text.HAL_I2C_MspInit
                0x08001394       0x7c ./Core/Src/stm32f1xx_hal_msp.o
                0x08001394                HAL_I2C_MspInit
 .text.NMI_Handler
                0x08001410        0x8 ./Core/Src/stm32f1xx_it.o
                0x08001410                NMI_Handler
 .text.HardFault_Handler
                0x08001418        0x8 ./Core/Src/stm32f1xx_it.o
                0x08001418                HardFault_Handler
 .text.MemManage_Handler
                0x08001420        0x8 ./Core/Src/stm32f1xx_it.o
                0x08001420                MemManage_Handler
 .text.BusFault_Handler
                0x08001428        0x8 ./Core/Src/stm32f1xx_it.o
                0x08001428                BusFault_Handler
 .text.UsageFault_Handler
                0x08001430        0x8 ./Core/Src/stm32f1xx_it.o
                0x08001430                UsageFault_Handler
 .text.SVC_Handler
                0x08001438        0xc ./Core/Src/stm32f1xx_it.o
                0x08001438                SVC_Handler
 .text.DebugMon_Handler
                0x08001444        0xc ./Core/Src/stm32f1xx_it.o
                0x08001444                DebugMon_Handler
 .text.PendSV_Handler
                0x08001450        0xc ./Core/Src/stm32f1xx_it.o
                0x08001450                PendSV_Handler
 .text.SysTick_Handler
                0x0800145c        0xc ./Core/Src/stm32f1xx_it.o
                0x0800145c                SysTick_Handler
 .text.SystemInit
                0x08001468        0xc ./Core/Src/system_stm32f1xx.o
                0x08001468                SystemInit
 .text.Reset_Handler
                0x08001474       0x48 ./Core/Startup/startup_stm32f103cbtx.o
                0x08001474                Reset_Handler
 .text.Default_Handler
                0x080014bc        0x2 ./Core/Startup/startup_stm32f103cbtx.o
                0x080014bc                RTC_Alarm_IRQHandler
                0x080014bc                EXTI2_IRQHandler
                0x080014bc                TIM1_CC_IRQHandler
                0x080014bc                PVD_IRQHandler
                0x080014bc                EXTI3_IRQHandler
                0x080014bc                EXTI0_IRQHandler
                0x080014bc                I2C2_EV_IRQHandler
                0x080014bc                ADC1_2_IRQHandler
                0x080014bc                SPI1_IRQHandler
                0x080014bc                TAMPER_IRQHandler
                0x080014bc                DMA1_Channel4_IRQHandler
                0x080014bc                USART3_IRQHandler
                0x080014bc                RTC_IRQHandler
                0x080014bc                DMA1_Channel7_IRQHandler
                0x080014bc                CAN1_RX1_IRQHandler
                0x080014bc                TIM4_IRQHandler
                0x080014bc                I2C1_EV_IRQHandler
                0x080014bc                DMA1_Channel6_IRQHandler
                0x080014bc                TIM3_IRQHandler
                0x080014bc                RCC_IRQHandler
                0x080014bc                TIM1_TRG_COM_IRQHandler
                0x080014bc                DMA1_Channel1_IRQHandler
                0x080014bc                Default_Handler
                0x080014bc                EXTI15_10_IRQHandler
                0x080014bc                EXTI9_5_IRQHandler
                0x080014bc                SPI2_IRQHandler
                0x080014bc                DMA1_Channel5_IRQHandler
                0x080014bc                EXTI4_IRQHandler
                0x080014bc                USB_LP_CAN1_RX0_IRQHandler
                0x080014bc                USB_HP_CAN1_TX_IRQHandler
                0x080014bc                DMA1_Channel3_IRQHandler
                0x080014bc                TIM1_UP_IRQHandler
                0x080014bc                WWDG_IRQHandler
                0x080014bc                TIM2_IRQHandler
                0x080014bc                TIM1_BRK_IRQHandler
                0x080014bc                EXTI1_IRQHandler
                0x080014bc                USART2_IRQHandler
                0x080014bc                I2C2_ER_IRQHandler
                0x080014bc                DMA1_Channel2_IRQHandler
                0x080014bc                CAN1_SCE_IRQHandler
                0x080014bc                FLASH_IRQHandler
                0x080014bc                USART1_IRQHandler
                0x080014bc                I2C1_ER_IRQHandler
                0x080014bc                USBWakeUp_IRQHandler
 *fill*         0x080014be        0x2 
 .text.HAL_Init
                0x080014c0       0x2c ./Drivers/STM32F1xx_HAL_Driver/Src/stm32f1xx_hal.o
                0x080014c0                HAL_Init
 .text.HAL_InitTick
                0x080014ec       0x60 ./Drivers/STM32F1xx_HAL_Driver/Src/stm32f1xx_hal.o
                0x080014ec                HAL_InitTick
 .text.HAL_IncTick
                0x0800154c       0x24 ./Drivers/STM32F1xx_HAL_Driver/Src/stm32f1xx_hal.o
                0x0800154c                HAL_IncTick
 .text.HAL_GetTick
                0x08001570       0x14 ./Drivers/STM32F1xx_HAL_Driver/Src/stm32f1xx_hal.o
                0x08001570                HAL_GetTick
 .text.__NVIC_SetPriorityGrouping
                0x08001584       0x48 ./Drivers/STM32F1xx_HAL_Driver/Src/stm32f1xx_hal_cortex.o
 .text.__NVIC_GetPriorityGrouping
                0x080015cc       0x1c ./Drivers/STM32F1xx_HAL_Driver/Src/stm32f1xx_hal_cortex.o
 .text.__NVIC_SetPriority
                0x080015e8       0x54 ./Drivers/STM32F1xx_HAL_Driver/Src/stm32f1xx_hal_cortex.o
 .text.NVIC_EncodePriority
                0x0800163c       0x64 ./Drivers/STM32F1xx_HAL_Driver/Src/stm32f1xx_hal_cortex.o
 .text.SysTick_Config
                0x080016a0       0x44 ./Drivers/STM32F1xx_HAL_Driver/Src/stm32f1xx_hal_cortex.o
 .text.HAL_NVIC_SetPriorityGrouping
                0x080016e4       0x16 ./Drivers/STM32F1xx_HAL_Driver/Src/stm32f1xx_hal_cortex.o
                0x080016e4                HAL_NVIC_SetPriorityGrouping
 .text.HAL_NVIC_SetPriority
                0x080016fa       0x38 ./Drivers/STM32F1xx_HAL_Driver/Src/stm32f1xx_hal_cortex.o
                0x080016fa                HAL_NVIC_SetPriority
 .text.HAL_SYSTICK_Config
                0x08001732       0x18 ./Drivers/STM32F1xx_HAL_Driver/Src/stm32f1xx_hal_cortex.o
                0x08001732                HAL_SYSTICK_Config
 *fill*         0x0800174a        0x2 
 .text.HAL_GPIO_Init
                0x0800174c      0x308 ./Drivers/STM32F1xx_HAL_Driver/Src/stm32f1xx_hal_gpio.o
                0x0800174c                HAL_GPIO_Init
 .text.HAL_GPIO_ReadPin
                0x08001a54       0x2e ./Drivers/STM32F1xx_HAL_Driver/Src/stm32f1xx_hal_gpio.o
                0x08001a54                HAL_GPIO_ReadPin
 .text.HAL_GPIO_WritePin
                0x08001a82       0x30 ./Drivers/STM32F1xx_HAL_Driver/Src/stm32f1xx_hal_gpio.o
                0x08001a82                HAL_GPIO_WritePin
 *fill*         0x08001ab2        0x2 
 .text.HAL_I2C_Init
                0x08001ab4      0x288 ./Drivers/STM32F1xx_HAL_Driver/Src/stm32f1xx_hal_i2c.o
                0x08001ab4                HAL_I2C_Init
 .text.HAL_I2C_Master_Receive
                0x08001d3c      0x4d8 ./Drivers/STM32F1xx_HAL_Driver/Src/stm32f1xx_hal_i2c.o
                0x08001d3c                HAL_I2C_Master_Receive
 .text.I2C_MasterRequestRead
                0x08002214      0x19c ./Drivers/STM32F1xx_HAL_Driver/Src/stm32f1xx_hal_i2c.o
 .text.I2C_WaitOnFlagUntilTimeout
                0x080023b0       0xf4 ./Drivers/STM32F1xx_HAL_Driver/Src/stm32f1xx_hal_i2c.o
 .text.I2C_WaitOnMasterAddressFlagUntilTimeout
                0x080024a4      0x140 ./Drivers/STM32F1xx_HAL_Driver/Src/stm32f1xx_hal_i2c.o
 .text.I2C_WaitOnRXNEFlagUntilTimeout
                0x080025e4       0xba ./Drivers/STM32F1xx_HAL_Driver/Src/stm32f1xx_hal_i2c.o
 *fill*         0x0800269e        0x2 
 .text.HAL_RCC_OscConfig
                0x080026a0      0x504 ./Drivers/STM32F1xx_HAL_Driver/Src/stm32f1xx_hal_rcc.o
                0x080026a0                HAL_RCC_OscConfig
 .text.HAL_RCC_ClockConfig
                0x08002ba4      0x1d4 ./Drivers/STM32F1xx_HAL_Driver/Src/stm32f1xx_hal_rcc.o
                0x08002ba4                HAL_RCC_ClockConfig
 .text.HAL_RCC_GetSysClockFreq
                0x08002d78       0xa8 ./Drivers/STM32F1xx_HAL_Driver/Src/stm32f1xx_hal_rcc.o
                0x08002d78                HAL_RCC_GetSysClockFreq
 .text.HAL_RCC_GetHCLKFreq
                0x08002e20       0x14 ./Drivers/STM32F1xx_HAL_Driver/Src/stm32f1xx_hal_rcc.o
                0x08002e20                HAL_RCC_GetHCLKFreq
 .text.HAL_RCC_GetPCLK1Freq
                0x08002e34       0x28 ./Drivers/STM32F1xx_HAL_Driver/Src/stm32f1xx_hal_rcc.o
                0x08002e34                HAL_RCC_GetPCLK1Freq
 .text.RCC_Delay
                0x08002e5c       0x3c ./Drivers/STM32F1xx_HAL_Driver/Src/stm32f1xx_hal_rcc.o
 .text.memset   0x08002e98       0x10 C:/ST/STM32CubeIDE_1.16.0/STM32CubeIDE/plugins/com.st.stm32cube.ide.mcu.externaltools.gnu-tools-for-stm32.12.3.rel1.win32_1.0.200.202406191623/tools/bin/../lib/gcc/arm-none-eabi/12.3.1/../../../../arm-none-eabi/lib/thumb/v7-m/nofp\libc_nano.a(libc_a-memset.o)
                0x08002e98                memset
 .text.__libc_init_array
                0x08002ea8       0x48 C:/ST/STM32CubeIDE_1.16.0/STM32CubeIDE/plugins/com.st.stm32cube.ide.mcu.externaltools.gnu-tools-for-stm32.12.3.rel1.win32_1.0.200.202406191623/tools/bin/../lib/gcc/arm-none-eabi/12.3.1/../../../../arm-none-eabi/lib/thumb/v7-m/nofp\libc_nano.a(libc_a-init.o)
                0x08002ea8                __libc_init_array
 *(.glue_7)
 .glue_7        0x08002ef0        0x0 linker stubs
 *(.glue_7t)
 .glue_7t       0x08002ef0        0x0 linker stubs
 *(.eh_frame)
 .eh_frame      0x08002ef0        0x0 C:/ST/STM32CubeIDE_1.16.0/STM32CubeIDE/plugins/com.st.stm32cube.ide.mcu.externaltools.gnu-tools-for-stm32.12.3.rel1.win32_1.0.200.202406191623/tools/bin/../lib/gcc/arm-none-eabi/12.3.1/thumb/v7-m/nofp/crtbegin.o
 *(.init)
 .init          0x08002ef0        0x4 C:/ST/STM32CubeIDE_1.16.0/STM32CubeIDE/plugins/com.st.stm32cube.ide.mcu.externaltools.gnu-tools-for-stm32.12.3.rel1.win32_1.0.200.202406191623/tools/bin/../lib/gcc/arm-none-eabi/12.3.1/thumb/v7-m/nofp/crti.o
                0x08002ef0                _init
 .init          0x08002ef4        0x8 C:/ST/STM32CubeIDE_1.16.0/STM32CubeIDE/plugins/com.st.stm32cube.ide.mcu.externaltools.gnu-tools-for-stm32.12.3.rel1.win32_1.0.200.202406191623/tools/bin/../lib/gcc/arm-none-eabi/12.3.1/thumb/v7-m/nofp/crtn.o
 *(.fini)
 .fini          0x08002efc        0x4 C:/ST/STM32CubeIDE_1.16.0/STM32CubeIDE/plugins/com.st.stm32cube.ide.mcu.externaltools.gnu-tools-for-stm32.12.3.rel1.win32_1.0.200.202406191623/tools/bin/../lib/gcc/arm-none-eabi/12.3.1/thumb/v7-m/nofp/crti.o
                0x08002efc                _fini
 .fini          0x08002f00        0x8 C:/ST/STM32CubeIDE_1.16.0/STM32CubeIDE/plugins/com.st.stm32cube.ide.mcu.externaltools.gnu-tools-for-stm32.12.3.rel1.win32_1.0.200.202406191623/tools/bin/../lib/gcc/arm-none-eabi/12.3.1/thumb/v7-m/nofp/crtn.o
                0x08002f08                        . = ALIGN (0x4)
                0x08002f08                        _etext = .

.vfp11_veneer   0x08002f08        0x0
 .vfp11_veneer  0x08002f08        0x0 linker stubs

.v4_bx          0x08002f08        0x0
 .v4_bx         0x08002f08        0x0 linker stubs

.iplt           0x08002f08        0x0
 .iplt          0x08002f08        0x0 C:/ST/STM32CubeIDE_1.16.0/STM32CubeIDE/plugins/com.st.stm32cube.ide.mcu.externaltools.gnu-tools-for-stm32.12.3.rel1.win32_1.0.200.202406191623/tools/bin/../lib/gcc/arm-none-eabi/12.3.1/thumb/v7-m/nofp/crtbegin.o

.rodata         0x08002f08       0x3c
                0x08002f08                        . = ALIGN (0x4)
 *(.rodata)
 *(.rodata*)
 .rodata.step_sequence
                0x08002f08       0x10 ./Core/Src/main.o
                0x08002f08                step_sequence
 .rodata.AHBPrescTable
                0x08002f18       0x10 ./Core/Src/system_stm32f1xx.o
                0x08002f18                AHBPrescTable
 .rodata.APBPrescTable
                0x08002f28        0x8 ./Core/Src/system_stm32f1xx.o
                0x08002f28                APBPrescTable
 .rodata.aPLLMULFactorTable.1
                0x08002f30       0x10 ./Drivers/STM32F1xx_HAL_Driver/Src/stm32f1xx_hal_rcc.o
 .rodata.aPredivFactorTable.0
                0x08002f40        0x2 ./Drivers/STM32F1xx_HAL_Driver/Src/stm32f1xx_hal_rcc.o
                0x08002f44                        . = ALIGN (0x4)
 *fill*         0x08002f42        0x2 

.ARM.extab      0x08002f44        0x0
                0x08002f44                        . = ALIGN (0x4)
 *(.ARM.extab* .gnu.linkonce.armextab.*)
                0x08002f44                        . = ALIGN (0x4)

.ARM            0x08002f44        0x0
                0x08002f44                        . = ALIGN (0x4)
                0x08002f44                        __exidx_start = .
 *(.ARM.exidx*)
                0x08002f44                        __exidx_end = .
                0x08002f44                        . = ALIGN (0x4)

.preinit_array  0x08002f44        0x0
                0x08002f44                        . = ALIGN (0x4)
                0x08002f44                        PROVIDE (__preinit_array_start = .)
 *(.preinit_array*)
                0x08002f44                        PROVIDE (__preinit_array_end = .)
                0x08002f44                        . = ALIGN (0x4)

.init_array     0x08002f44        0x4
                0x08002f44                        . = ALIGN (0x4)
                0x08002f44                        PROVIDE (__init_array_start = .)
 *(SORT_BY_NAME(.init_array.*))
 *(.init_array*)
 .init_array    0x08002f44        0x4 C:/ST/STM32CubeIDE_1.16.0/STM32CubeIDE/plugins/com.st.stm32cube.ide.mcu.externaltools.gnu-tools-for-stm32.12.3.rel1.win32_1.0.200.202406191623/tools/bin/../lib/gcc/arm-none-eabi/12.3.1/thumb/v7-m/nofp/crtbegin.o
                0x08002f48                        PROVIDE (__init_array_end = .)
                0x08002f48                        . = ALIGN (0x4)

.fini_array     0x08002f48        0x4
                0x08002f48                        . = ALIGN (0x4)
                [!provide]                        PROVIDE (__fini_array_start = .)
 *(SORT_BY_NAME(.fini_array.*))
 *(.fini_array*)
 .fini_array    0x08002f48        0x4 C:/ST/STM32CubeIDE_1.16.0/STM32CubeIDE/plugins/com.st.stm32cube.ide.mcu.externaltools.gnu-tools-for-stm32.12.3.rel1.win32_1.0.200.202406191623/tools/bin/../lib/gcc/arm-none-eabi/12.3.1/thumb/v7-m/nofp/crtbegin.o
                [!provide]                        PROVIDE (__fini_array_end = .)
                0x08002f4c                        . = ALIGN (0x4)
                0x08002f4c                        _sidata = LOADADDR (.data)

.rel.dyn        0x08002f4c        0x0
 .rel.iplt      0x08002f4c        0x0 C:/ST/STM32CubeIDE_1.16.0/STM32CubeIDE/plugins/com.st.stm32cube.ide.mcu.externaltools.gnu-tools-for-stm32.12.3.rel1.win32_1.0.200.202406191623/tools/bin/../lib/gcc/arm-none-eabi/12.3.1/thumb/v7-m/nofp/crtbegin.o

.data           0x20000000       0x18 load address 0x08002f4c
                0x20000000                        . = ALIGN (0x4)
                0x20000000                        _sdata = .
 *(.data)
 *(.data*)
 .data.setpoint
                0x20000000        0x4 ./Core/Src/main.o
                0x20000000                setpoint
 .data.kp       0x20000004        0x4 ./Core/Src/main.o
                0x20000004                kp
 .data.ki       0x20000008        0x4 ./Core/Src/main.o
                0x20000008                ki
 .data.SystemCoreClock
                0x2000000c        0x4 ./Core/Src/system_stm32f1xx.o
                0x2000000c                SystemCoreClock
 .data.uwTickPrio
                0x20000010        0x4 ./Drivers/STM32F1xx_HAL_Driver/Src/stm32f1xx_hal.o
                0x20000010                uwTickPrio
 .data.uwTickFreq
                0x20000014        0x1 ./Drivers/STM32F1xx_HAL_Driver/Src/stm32f1xx_hal.o
                0x20000014                uwTickFreq
 *(.RamFunc)
 *(.RamFunc*)
                0x20000018                        . = ALIGN (0x4)
 *fill*         0x20000015        0x3 
                0x20000018                        _edata = .

.igot.plt       0x20000018        0x0 load address 0x08002f64
 .igot.plt      0x20000018        0x0 C:/ST/STM32CubeIDE_1.16.0/STM32CubeIDE/plugins/com.st.stm32cube.ide.mcu.externaltools.gnu-tools-for-stm32.12.3.rel1.win32_1.0.200.202406191623/tools/bin/../lib/gcc/arm-none-eabi/12.3.1/thumb/v7-m/nofp/crtbegin.o
                0x20000018                        . = ALIGN (0x4)

.bss            0x20000018       0x90 load address 0x08002f64
                0x20000018                        _sbss = .
                0x20000018                        __bss_start__ = _sbss
 *(.bss)
 .bss           0x20000018       0x1c C:/ST/STM32CubeIDE_1.16.0/STM32CubeIDE/plugins/com.st.stm32cube.ide.mcu.externaltools.gnu-tools-for-stm32.12.3.rel1.win32_1.0.200.202406191623/tools/bin/../lib/gcc/arm-none-eabi/12.3.1/thumb/v7-m/nofp/crtbegin.o
 *(.bss*)
 .bss.hi2c1     0x20000034       0x54 ./Core/Src/main.o
                0x20000034                hi2c1
 .bss.encoder_value
                0x20000088        0x4 ./Core/Src/main.o
                0x20000088                encoder_value
 .bss.integral  0x2000008c        0x4 ./Core/Src/main.o
                0x2000008c                integral
 .bss.error     0x20000090        0x4 ./Core/Src/main.o
                0x20000090                error
 .bss.control_signal
                0x20000094        0x4 ./Core/Src/main.o
                0x20000094                control_signal
 .bss.direction
                0x20000098        0x4 ./Core/Src/main.o
                0x20000098                direction
 .bss.desired_position
                0x2000009c        0x4 ./Core/Src/main.o
                0x2000009c                desired_position
 .bss.enable    0x200000a0        0x4 ./Core/Src/main.o
                0x200000a0                enable
 .bss.uwTick    0x200000a4        0x4 ./Drivers/STM32F1xx_HAL_Driver/Src/stm32f1xx_hal.o
                0x200000a4                uwTick
 *(COMMON)
                0x200000a8                        . = ALIGN (0x4)
                0x200000a8                        _ebss = .
                0x200000a8                        __bss_end__ = _ebss

._user_heap_stack
                0x200000a8      0x600 load address 0x08002f64
                0x200000a8                        . = ALIGN (0x8)
                [!provide]                        PROVIDE (end = .)
                0x200000a8                        PROVIDE (_end = .)
                0x200002a8                        . = (. + _Min_Heap_Size)
 *fill*         0x200000a8      0x200 
                0x200006a8                        . = (. + _Min_Stack_Size)
 *fill*         0x200002a8      0x400 
                0x200006a8                        . = ALIGN (0x8)

/DISCARD/
 libc.a(*)
 libm.a(*)
 libgcc.a(*)

.ARM.attributes
                0x00000000       0x29
 *(.ARM.attributes)
 .ARM.attributes
                0x00000000       0x1d C:/ST/STM32CubeIDE_1.16.0/STM32CubeIDE/plugins/com.st.stm32cube.ide.mcu.externaltools.gnu-tools-for-stm32.12.3.rel1.win32_1.0.200.202406191623/tools/bin/../lib/gcc/arm-none-eabi/12.3.1/thumb/v7-m/nofp/crti.o
 .ARM.attributes
                0x0000001d       0x2d C:/ST/STM32CubeIDE_1.16.0/STM32CubeIDE/plugins/com.st.stm32cube.ide.mcu.externaltools.gnu-tools-for-stm32.12.3.rel1.win32_1.0.200.202406191623/tools/bin/../lib/gcc/arm-none-eabi/12.3.1/thumb/v7-m/nofp/crtbegin.o
 .ARM.attributes
                0x0000004a       0x2d ./Core/Src/main.o
 .ARM.attributes
                0x00000077       0x2d ./Core/Src/stm32f1xx_hal_msp.o
 .ARM.attributes
                0x000000a4       0x2d ./Core/Src/stm32f1xx_it.o
 .ARM.attributes
                0x000000d1       0x2d ./Core/Src/system_stm32f1xx.o
 .ARM.attributes
                0x000000fe       0x21 ./Core/Startup/startup_stm32f103cbtx.o
 .ARM.attributes
                0x0000011f       0x2d ./Drivers/STM32F1xx_HAL_Driver/Src/stm32f1xx_hal.o
 .ARM.attributes
                0x0000014c       0x2d ./Drivers/STM32F1xx_HAL_Driver/Src/stm32f1xx_hal_cortex.o
 .ARM.attributes
                0x00000179       0x2d ./Drivers/STM32F1xx_HAL_Driver/Src/stm32f1xx_hal_gpio.o
 .ARM.attributes
                0x000001a6       0x2d ./Drivers/STM32F1xx_HAL_Driver/Src/stm32f1xx_hal_i2c.o
 .ARM.attributes
                0x000001d3       0x2d ./Drivers/STM32F1xx_HAL_Driver/Src/stm32f1xx_hal_rcc.o
 .ARM.attributes
                0x00000200       0x2d C:/ST/STM32CubeIDE_1.16.0/STM32CubeIDE/plugins/com.st.stm32cube.ide.mcu.externaltools.gnu-tools-for-stm32.12.3.rel1.win32_1.0.200.202406191623/tools/bin/../lib/gcc/arm-none-eabi/12.3.1/../../../../arm-none-eabi/lib/thumb/v7-m/nofp\libc_nano.a(libc_a-memset.o)
 .ARM.attributes
                0x0000022d       0x2d C:/ST/STM32CubeIDE_1.16.0/STM32CubeIDE/plugins/com.st.stm32cube.ide.mcu.externaltools.gnu-tools-for-stm32.12.3.rel1.win32_1.0.200.202406191623/tools/bin/../lib/gcc/arm-none-eabi/12.3.1/../../../../arm-none-eabi/lib/thumb/v7-m/nofp\libc_nano.a(libc_a-init.o)
 .ARM.attributes
                0x0000025a       0x1d C:/ST/STM32CubeIDE_1.16.0/STM32CubeIDE/plugins/com.st.stm32cube.ide.mcu.externaltools.gnu-tools-for-stm32.12.3.rel1.win32_1.0.200.202406191623/tools/bin/../lib/gcc/arm-none-eabi/12.3.1/thumb/v7-m/nofp\libgcc.a(_arm_mulsf3.o)
 .ARM.attributes
                0x00000277       0x1d C:/ST/STM32CubeIDE_1.16.0/STM32CubeIDE/plugins/com.st.stm32cube.ide.mcu.externaltools.gnu-tools-for-stm32.12.3.rel1.win32_1.0.200.202406191623/tools/bin/../lib/gcc/arm-none-eabi/12.3.1/thumb/v7-m/nofp\libgcc.a(_arm_addsubdf3.o)
 .ARM.attributes
                0x00000294       0x1d C:/ST/STM32CubeIDE_1.16.0/STM32CubeIDE/plugins/com.st.stm32cube.ide.mcu.externaltools.gnu-tools-for-stm32.12.3.rel1.win32_1.0.200.202406191623/tools/bin/../lib/gcc/arm-none-eabi/12.3.1/thumb/v7-m/nofp\libgcc.a(_arm_muldivdf3.o)
 .ARM.attributes
                0x000002b1       0x1d C:/ST/STM32CubeIDE_1.16.0/STM32CubeIDE/plugins/com.st.stm32cube.ide.mcu.externaltools.gnu-tools-for-stm32.12.3.rel1.win32_1.0.200.202406191623/tools/bin/../lib/gcc/arm-none-eabi/12.3.1/thumb/v7-m/nofp\libgcc.a(_arm_truncdfsf2.o)
 .ARM.attributes
                0x000002ce       0x1d C:/ST/STM32CubeIDE_1.16.0/STM32CubeIDE/plugins/com.st.stm32cube.ide.mcu.externaltools.gnu-tools-for-stm32.12.3.rel1.win32_1.0.200.202406191623/tools/bin/../lib/gcc/arm-none-eabi/12.3.1/thumb/v7-m/nofp\libgcc.a(_arm_addsubsf3.o)
 .ARM.attributes
                0x000002eb       0x1d C:/ST/STM32CubeIDE_1.16.0/STM32CubeIDE/plugins/com.st.stm32cube.ide.mcu.externaltools.gnu-tools-for-stm32.12.3.rel1.win32_1.0.200.202406191623/tools/bin/../lib/gcc/arm-none-eabi/12.3.1/thumb/v7-m/nofp\libgcc.a(_arm_cmpsf2.o)
 .ARM.attributes
                0x00000308       0x1d C:/ST/STM32CubeIDE_1.16.0/STM32CubeIDE/plugins/com.st.stm32cube.ide.mcu.externaltools.gnu-tools-for-stm32.12.3.rel1.win32_1.0.200.202406191623/tools/bin/../lib/gcc/arm-none-eabi/12.3.1/thumb/v7-m/nofp/crtn.o
OUTPUT(stepperDriver.elf elf32-littlearm)
LOAD linker stubs
LOAD C:/ST/STM32CubeIDE_1.16.0/STM32CubeIDE/plugins/com.st.stm32cube.ide.mcu.externaltools.gnu-tools-for-stm32.12.3.rel1.win32_1.0.200.202406191623/tools/bin/../lib/gcc/arm-none-eabi/12.3.1/../../../../arm-none-eabi/lib/thumb/v7-m/nofp\libc.a
LOAD C:/ST/STM32CubeIDE_1.16.0/STM32CubeIDE/plugins/com.st.stm32cube.ide.mcu.externaltools.gnu-tools-for-stm32.12.3.rel1.win32_1.0.200.202406191623/tools/bin/../lib/gcc/arm-none-eabi/12.3.1/../../../../arm-none-eabi/lib/thumb/v7-m/nofp\libm.a
LOAD C:/ST/STM32CubeIDE_1.16.0/STM32CubeIDE/plugins/com.st.stm32cube.ide.mcu.externaltools.gnu-tools-for-stm32.12.3.rel1.win32_1.0.200.202406191623/tools/bin/../lib/gcc/arm-none-eabi/12.3.1/thumb/v7-m/nofp\libgcc.a

.debug_info     0x00000000     0x5bc7
 .debug_info    0x00000000      0xbfd ./Core/Src/main.o
 .debug_info    0x00000bfd      0x845 ./Core/Src/stm32f1xx_hal_msp.o
 .debug_info    0x00001442      0x113 ./Core/Src/stm32f1xx_it.o
 .debug_info    0x00001555      0x222 ./Core/Src/system_stm32f1xx.o
 .debug_info    0x00001777       0x30 ./Core/Startup/startup_stm32f103cbtx.o
 .debug_info    0x000017a7      0x704 ./Drivers/STM32F1xx_HAL_Driver/Src/stm32f1xx_hal.o
 .debug_info    0x00001eab      0xa87 ./Drivers/STM32F1xx_HAL_Driver/Src/stm32f1xx_hal_cortex.o
 .debug_info    0x00002932      0x5ab ./Drivers/STM32F1xx_HAL_Driver/Src/stm32f1xx_hal_gpio.o
 .debug_info    0x00002edd     0x2515 ./Drivers/STM32F1xx_HAL_Driver/Src/stm32f1xx_hal_i2c.o
 .debug_info    0x000053f2      0x7d5 ./Drivers/STM32F1xx_HAL_Driver/Src/stm32f1xx_hal_rcc.o

.debug_abbrev   0x00000000     0x1245
 .debug_abbrev  0x00000000      0x2b3 ./Core/Src/main.o
 .debug_abbrev  0x000002b3      0x1a3 ./Core/Src/stm32f1xx_hal_msp.o
 .debug_abbrev  0x00000456       0x73 ./Core/Src/stm32f1xx_it.o
 .debug_abbrev  0x000004c9      0x13f ./Core/Src/system_stm32f1xx.o
 .debug_abbrev  0x00000608       0x24 ./Core/Startup/startup_stm32f103cbtx.o
 .debug_abbrev  0x0000062c      0x201 ./Drivers/STM32F1xx_HAL_Driver/Src/stm32f1xx_hal.o
 .debug_abbrev  0x0000082d      0x2f8 ./Drivers/STM32F1xx_HAL_Driver/Src/stm32f1xx_hal_cortex.o
 .debug_abbrev  0x00000b25      0x1ca ./Drivers/STM32F1xx_HAL_Driver/Src/stm32f1xx_hal_gpio.o
 .debug_abbrev  0x00000cef      0x2a3 ./Drivers/STM32F1xx_HAL_Driver/Src/stm32f1xx_hal_i2c.o
 .debug_abbrev  0x00000f92      0x2b3 ./Drivers/STM32F1xx_HAL_Driver/Src/stm32f1xx_hal_rcc.o

.debug_aranges  0x00000000      0x6c0
 .debug_aranges
                0x00000000       0x70 ./Core/Src/main.o
 .debug_aranges
                0x00000070       0x30 ./Core/Src/stm32f1xx_hal_msp.o
 .debug_aranges
                0x000000a0       0x60 ./Core/Src/stm32f1xx_it.o
 .debug_aranges
                0x00000100       0x28 ./Core/Src/system_stm32f1xx.o
 .debug_aranges
                0x00000128       0x28 ./Core/Startup/startup_stm32f103cbtx.o
 .debug_aranges
                0x00000150       0xe0 ./Drivers/STM32F1xx_HAL_Driver/Src/stm32f1xx_hal.o
 .debug_aranges
                0x00000230      0x100 ./Drivers/STM32F1xx_HAL_Driver/Src/stm32f1xx_hal_cortex.o
 .debug_aranges
                0x00000330       0x58 ./Drivers/STM32F1xx_HAL_Driver/Src/stm32f1xx_hal_gpio.o
 .debug_aranges
                0x00000388      0x2a8 ./Drivers/STM32F1xx_HAL_Driver/Src/stm32f1xx_hal_i2c.o
 .debug_aranges
                0x00000630       0x90 ./Drivers/STM32F1xx_HAL_Driver/Src/stm32f1xx_hal_rcc.o

.debug_rnglists
                0x00000000      0x52c
 .debug_rnglists
                0x00000000       0x52 ./Core/Src/main.o
 .debug_rnglists
                0x00000052       0x1f ./Core/Src/stm32f1xx_hal_msp.o
 .debug_rnglists
                0x00000071       0x43 ./Core/Src/stm32f1xx_it.o
 .debug_rnglists
                0x000000b4       0x1a ./Core/Src/system_stm32f1xx.o
 .debug_rnglists
                0x000000ce       0x19 ./Core/Startup/startup_stm32f103cbtx.o
 .debug_rnglists
                0x000000e7       0xa3 ./Drivers/STM32F1xx_HAL_Driver/Src/stm32f1xx_hal.o
 .debug_rnglists
                0x0000018a       0xbb ./Drivers/STM32F1xx_HAL_Driver/Src/stm32f1xx_hal_cortex.o
 .debug_rnglists
                0x00000245       0x3f ./Drivers/STM32F1xx_HAL_Driver/Src/stm32f1xx_hal_gpio.o
 .debug_rnglists
                0x00000284      0x23c ./Drivers/STM32F1xx_HAL_Driver/Src/stm32f1xx_hal_i2c.o
 .debug_rnglists
                0x000004c0       0x6c ./Drivers/STM32F1xx_HAL_Driver/Src/stm32f1xx_hal_rcc.o

.debug_macro    0x00000000    0x168bf
 .debug_macro   0x00000000      0x24e ./Core/Src/main.o
 .debug_macro   0x0000024e      0xaa8 ./Core/Src/main.o
 .debug_macro   0x00000cf6      0x215 ./Core/Src/main.o
 .debug_macro   0x00000f0b       0x2e ./Core/Src/main.o
 .debug_macro   0x00000f39       0x22 ./Core/Src/main.o
 .debug_macro   0x00000f5b       0x22 ./Core/Src/main.o
 .debug_macro   0x00000f7d       0x8e ./Core/Src/main.o
 .debug_macro   0x0000100b       0x51 ./Core/Src/main.o
 .debug_macro   0x0000105c      0x103 ./Core/Src/main.o
 .debug_macro   0x0000115f       0x6a ./Core/Src/main.o
 .debug_macro   0x000011c9      0x1df ./Core/Src/main.o
 .debug_macro   0x000013a8       0x1c ./Core/Src/main.o
 .debug_macro   0x000013c4       0x22 ./Core/Src/main.o
 .debug_macro   0x000013e6       0xbd ./Core/Src/main.o
 .debug_macro   0x000014a3      0xd23 ./Core/Src/main.o
 .debug_macro   0x000021c6     0xe09e ./Core/Src/main.o
 .debug_macro   0x00010264       0x6d ./Core/Src/main.o
 .debug_macro   0x000102d1     0x348d ./Core/Src/main.o
 .debug_macro   0x0001375e      0x189 ./Core/Src/main.o
 .debug_macro   0x000138e7       0x5c ./Core/Src/main.o
 .debug_macro   0x00013943      0x5bc ./Core/Src/main.o
 .debug_macro   0x00013eff      0x289 ./Core/Src/main.o
 .debug_macro   0x00014188      0x1cb ./Core/Src/main.o
 .debug_macro   0x00014353      0x114 ./Core/Src/main.o
 .debug_macro   0x00014467      0x1b2 ./Core/Src/main.o
 .debug_macro   0x00014619       0x27 ./Core/Src/main.o
 .debug_macro   0x00014640      0x136 ./Core/Src/main.o
 .debug_macro   0x00014776      0x1bc ./Core/Src/main.o
 .debug_macro   0x00014932       0x34 ./Core/Src/main.o
 .debug_macro   0x00014966       0x3c ./Core/Src/main.o
 .debug_macro   0x000149a2       0x57 ./Core/Src/main.o
 .debug_macro   0x000149f9       0x87 ./Core/Src/main.o
 .debug_macro   0x00014a80      0x240 ./Core/Src/main.o
 .debug_macro   0x00014cc0      0x287 ./Core/Src/main.o
 .debug_macro   0x00014f47      0x140 ./Core/Src/main.o
 .debug_macro   0x00015087       0x83 ./Core/Src/main.o
 .debug_macro   0x0001510a      0x118 ./Core/Src/main.o
 .debug_macro   0x00015222       0x61 ./Core/Src/main.o
 .debug_macro   0x00015283       0x24 ./Core/Src/main.o
 .debug_macro   0x000152a7       0x43 ./Core/Src/main.o
 .debug_macro   0x000152ea       0x34 ./Core/Src/main.o
 .debug_macro   0x0001531e       0x16 ./Core/Src/main.o
 .debug_macro   0x00015334       0x43 ./Core/Src/main.o
 .debug_macro   0x00015377       0x34 ./Core/Src/main.o
 .debug_macro   0x000153ab       0x10 ./Core/Src/main.o
 .debug_macro   0x000153bb       0x58 ./Core/Src/main.o
 .debug_macro   0x00015413       0x8e ./Core/Src/main.o
 .debug_macro   0x000154a1       0x1c ./Core/Src/main.o
 .debug_macro   0x000154bd      0x177 ./Core/Src/main.o
 .debug_macro   0x00015634      0x369 ./Core/Src/main.o
 .debug_macro   0x0001599d      0x19b ./Core/Src/main.o
 .debug_macro   0x00015b38      0x19d ./Core/Src/stm32f1xx_hal_msp.o
 .debug_macro   0x00015cd5      0x1a7 ./Core/Src/stm32f1xx_it.o
 .debug_macro   0x00015e7c      0x18e ./Core/Src/system_stm32f1xx.o
 .debug_macro   0x0001600a      0x1b2 ./Drivers/STM32F1xx_HAL_Driver/Src/stm32f1xx_hal.o
 .debug_macro   0x000161bc      0x18e ./Drivers/STM32F1xx_HAL_Driver/Src/stm32f1xx_hal_cortex.o
 .debug_macro   0x0001634a      0x1f9 ./Drivers/STM32F1xx_HAL_Driver/Src/stm32f1xx_hal_gpio.o
 .debug_macro   0x00016543      0x1dc ./Drivers/STM32F1xx_HAL_Driver/Src/stm32f1xx_hal_i2c.o
 .debug_macro   0x0001671f      0x1a0 ./Drivers/STM32F1xx_HAL_Driver/Src/stm32f1xx_hal_rcc.o

.debug_line     0x00000000     0x8940
 .debug_line    0x00000000      0xa53 ./Core/Src/main.o
 .debug_line    0x00000a53      0x71e ./Core/Src/stm32f1xx_hal_msp.o
 .debug_line    0x00001171      0x795 ./Core/Src/stm32f1xx_it.o
 .debug_line    0x00001906      0x751 ./Core/Src/system_stm32f1xx.o
 .debug_line    0x00002057       0x78 ./Core/Startup/startup_stm32f103cbtx.o
 .debug_line    0x000020cf      0x97e ./Drivers/STM32F1xx_HAL_Driver/Src/stm32f1xx_hal.o
 .debug_line    0x00002a4d      0xb6a ./Drivers/STM32F1xx_HAL_Driver/Src/stm32f1xx_hal_cortex.o
 .debug_line    0x000035b7      0xa17 ./Drivers/STM32F1xx_HAL_Driver/Src/stm32f1xx_hal_gpio.o
 .debug_line    0x00003fce     0x3beb ./Drivers/STM32F1xx_HAL_Driver/Src/stm32f1xx_hal_i2c.o
 .debug_line    0x00007bb9      0xd87 ./Drivers/STM32F1xx_HAL_Driver/Src/stm32f1xx_hal_rcc.o

.debug_str      0x00000000    0x8222f
 .debug_str     0x00000000    0x80657 ./Core/Src/main.o
                              0x80a23 (size before relaxing)
 .debug_str     0x00080657       0x91 ./Core/Src/stm32f1xx_hal_msp.o
                              0x7cec6 (size before relaxing)
 .debug_str     0x000806e8       0xc9 ./Core/Src/stm32f1xx_it.o
                              0x7c9d7 (size before relaxing)
 .debug_str     0x000807b1       0x7e ./Core/Src/system_stm32f1xx.o
                              0x7c5f9 (size before relaxing)
 .debug_str     0x0008082f       0x93 ./Core/Startup/startup_stm32f103cbtx.o
 .debug_str     0x000808c2      0x611 ./Drivers/STM32F1xx_HAL_Driver/Src/stm32f1xx_hal.o
                              0x7cd2c (size before relaxing)
 .debug_str     0x00080ed3      0x2bb ./Drivers/STM32F1xx_HAL_Driver/Src/stm32f1xx_hal_cortex.o
                              0x7cc78 (size before relaxing)
 .debug_str     0x0008118e      0x2d5 ./Drivers/STM32F1xx_HAL_Driver/Src/stm32f1xx_hal_gpio.o
                              0x7c97f (size before relaxing)
 .debug_str     0x00081463      0xbc3 ./Drivers/STM32F1xx_HAL_Driver/Src/stm32f1xx_hal_i2c.o
                              0x7d6c0 (size before relaxing)
 .debug_str     0x00082026      0x209 ./Drivers/STM32F1xx_HAL_Driver/Src/stm32f1xx_hal_rcc.o
                              0x7ca28 (size before relaxing)

.comment        0x00000000       0x43
 .comment       0x00000000       0x43 ./Core/Src/main.o
                                 0x44 (size before relaxing)
 .comment       0x00000043       0x44 ./Core/Src/stm32f1xx_hal_msp.o
 .comment       0x00000043       0x44 ./Core/Src/stm32f1xx_it.o
 .comment       0x00000043       0x44 ./Core/Src/system_stm32f1xx.o
 .comment       0x00000043       0x44 ./Drivers/STM32F1xx_HAL_Driver/Src/stm32f1xx_hal.o
 .comment       0x00000043       0x44 ./Drivers/STM32F1xx_HAL_Driver/Src/stm32f1xx_hal_cortex.o
 .comment       0x00000043       0x44 ./Drivers/STM32F1xx_HAL_Driver/Src/stm32f1xx_hal_gpio.o
 .comment       0x00000043       0x44 ./Drivers/STM32F1xx_HAL_Driver/Src/stm32f1xx_hal_i2c.o
 .comment       0x00000043       0x44 ./Drivers/STM32F1xx_HAL_Driver/Src/stm32f1xx_hal_rcc.o

.debug_frame    0x00000000     0x1d3c
 .debug_frame   0x00000000      0x178 ./Core/Src/main.o
 .debug_frame   0x00000178       0x80 ./Core/Src/stm32f1xx_hal_msp.o
 .debug_frame   0x000001f8      0x104 ./Core/Src/stm32f1xx_it.o
 .debug_frame   0x000002fc       0x58 ./Core/Src/system_stm32f1xx.o
 .debug_frame   0x00000354      0x334 ./Drivers/STM32F1xx_HAL_Driver/Src/stm32f1xx_hal.o
 .debug_frame   0x00000688      0x428 ./Drivers/STM32F1xx_HAL_Driver/Src/stm32f1xx_hal_cortex.o
 .debug_frame   0x00000ab0      0x14c ./Drivers/STM32F1xx_HAL_Driver/Src/stm32f1xx_hal_gpio.o
 .debug_frame   0x00000bfc      0xc84 ./Drivers/STM32F1xx_HAL_Driver/Src/stm32f1xx_hal_i2c.o
 .debug_frame   0x00001880      0x218 ./Drivers/STM32F1xx_HAL_Driver/Src/stm32f1xx_hal_rcc.o
 .debug_frame   0x00001a98       0x20 C:/ST/STM32CubeIDE_1.16.0/STM32CubeIDE/plugins/com.st.stm32cube.ide.mcu.externaltools.gnu-tools-for-stm32.12.3.rel1.win32_1.0.200.202406191623/tools/bin/../lib/gcc/arm-none-eabi/12.3.1/../../../../arm-none-eabi/lib/thumb/v7-m/nofp\libc_nano.a(libc_a-memset.o)
 .debug_frame   0x00001ab8       0x2c C:/ST/STM32CubeIDE_1.16.0/STM32CubeIDE/plugins/com.st.stm32cube.ide.mcu.externaltools.gnu-tools-for-stm32.12.3.rel1.win32_1.0.200.202406191623/tools/bin/../lib/gcc/arm-none-eabi/12.3.1/../../../../arm-none-eabi/lib/thumb/v7-m/nofp\libc_nano.a(libc_a-init.o)
 .debug_frame   0x00001ae4       0x24 C:/ST/STM32CubeIDE_1.16.0/STM32CubeIDE/plugins/com.st.stm32cube.ide.mcu.externaltools.gnu-tools-for-stm32.12.3.rel1.win32_1.0.200.202406191623/tools/bin/../lib/gcc/arm-none-eabi/12.3.1/thumb/v7-m/nofp\libgcc.a(_arm_mulsf3.o)
 .debug_frame   0x00001b08       0xac C:/ST/STM32CubeIDE_1.16.0/STM32CubeIDE/plugins/com.st.stm32cube.ide.mcu.externaltools.gnu-tools-for-stm32.12.3.rel1.win32_1.0.200.202406191623/tools/bin/../lib/gcc/arm-none-eabi/12.3.1/thumb/v7-m/nofp\libgcc.a(_arm_addsubdf3.o)
 .debug_frame   0x00001bb4       0x50 C:/ST/STM32CubeIDE_1.16.0/STM32CubeIDE/plugins/com.st.stm32cube.ide.mcu.externaltools.gnu-tools-for-stm32.12.3.rel1.win32_1.0.200.202406191623/tools/bin/../lib/gcc/arm-none-eabi/12.3.1/thumb/v7-m/nofp\libgcc.a(_arm_muldivdf3.o)
 .debug_frame   0x00001c04       0x24 C:/ST/STM32CubeIDE_1.16.0/STM32CubeIDE/plugins/com.st.stm32cube.ide.mcu.externaltools.gnu-tools-for-stm32.12.3.rel1.win32_1.0.200.202406191623/tools/bin/../lib/gcc/arm-none-eabi/12.3.1/thumb/v7-m/nofp\libgcc.a(_arm_truncdfsf2.o)
 .debug_frame   0x00001c28       0x4c C:/ST/STM32CubeIDE_1.16.0/STM32CubeIDE/plugins/com.st.stm32cube.ide.mcu.externaltools.gnu-tools-for-stm32.12.3.rel1.win32_1.0.200.202406191623/tools/bin/../lib/gcc/arm-none-eabi/12.3.1/thumb/v7-m/nofp\libgcc.a(_arm_addsubsf3.o)
 .debug_frame   0x00001c74       0xc8 C:/ST/STM32CubeIDE_1.16.0/STM32CubeIDE/plugins/com.st.stm32cube.ide.mcu.externaltools.gnu-tools-for-stm32.12.3.rel1.win32_1.0.200.202406191623/tools/bin/../lib/gcc/arm-none-eabi/12.3.1/thumb/v7-m/nofp\libgcc.a(_arm_cmpsf2.o)

.debug_line_str
                0x00000000       0x77
 .debug_line_str
                0x00000000       0x77 ./Core/Startup/startup_stm32f103cbtx.o
